../Core/Src/MAX32664.c:11:9:begin	8	static
../Core/Src/MAX32664.c:32:9:read_status	24	static
../Core/Src/MAX32664.c:46:9:write	24	static
../Core/Src/MAX32664.c:59:9:write_bytes	24	static
../Core/Src/MAX32664.c:73:9:read	32	static
../Core/Src/MAX32664.c:98:9:set_device_mode	0	static
../Core/Src/MAX32664.c:116:9:get_device_mode	8	static
../Core/Src/MAX32664.c:127:9:set_output_mode	0	static
../Core/Src/MAX32664.c:138:9:get_output_mode	0	static
../Core/Src/MAX32664.c:145:9:MAX30101_set_sensor_mode	0	static
../Core/Src/MAX32664.c:159:9:MAX30101_get_sensor_mode	0	static
../Core/Src/MAX32664.c:167:9:get_number_of_samples_FIFO	0	static
../Core/Src/MAX32664.c:174:9:get_samples_FIFO	8	static
../Core/Src/MAX32664.c:245:9:AGC_configuration	24	static
../Core/Src/MAX32664.c:272:9:MAX30101_set_AGC_algorithm	16	static
../Core/Src/MAX32664.c:286:9:MAX30101_set_MaximFast_algorithm	16	static
../Core/Src/MAX32664.c:373:9:read_sensor	8	static
../Core/Src/MAX32664.c:401:6:mfio	32	static
../Core/Src/MAX32664.c:392:9:set_fifo_threshold	16	static
../Core/Src/MAX32664.c:301:9:config_sensor	16	static
../Core/Src/MAX32664.c:332:9:config_sensor_raw	24	static
