../Core/Src/MAX32664.c:9:6:mfio	40	static
../Core/Src/MAX32664.c:21:9:begin	24	static
../Core/Src/MAX32664.c:57:9:read_status	24	static
../Core/Src/MAX32664.c:69:9:write	32	static
../Core/Src/MAX32664.c:84:9:enable_write	32	static
../Core/Src/MAX32664.c:99:9:read	32	static
../Core/Src/MAX32664.c:122:9:set_device_mode	24	static
../Core/Src/MAX32664.c:140:9:get_device_mode	24	static
../Core/Src/MAX32664.c:151:9:set_output_mode	24	static
../Core/Src/MAX32664.c:162:9:get_output_mode	24	static
../Core/Src/MAX32664.c:169:9:MAX30101_enable	24	static
../Core/Src/MAX32664.c:183:9:get_number_of_samples_FIFO	24	static
../Core/Src/MAX32664.c:191:9:AGC_enable	24	static
../Core/Src/MAX32664.c:204:9:MaximFast_enable	24	static
../Core/Src/MAX32664.c:219:9:set_fifo_threshold	24	static
../Core/Src/MAX32664.c:228:9:config_sensor	16	static
../Core/Src/MAX32664.c:255:9:write_bytes	32	static
../Core/Src/MAX32664.c:269:9:MAX30101_get_sensor_mode	24	static
../Core/Src/MAX32664.c:277:9:AGC_configuration	32	static
../Core/Src/MAX32664.c:304:9:read_sensor	64	static
../Core/Src/MAX32664.c:359:9:read_sensor1	160	static
